[07-Mar-2025 02:26:34 Europe/Berlin] PHP Deprecated:  Optional parameter $title declared before required parameter $limit is implicitly treated as a required parameter in /Applications/XAMPP/xamppfiles/htdocs/models/dao/PostDAO.php on line 574
[07-Mar-2025 02:26:34 Europe/Berlin] PHP Deprecated:  Optional parameter $author declared before required parameter $limit is implicitly treated as a required parameter in /Applications/XAMPP/xamppfiles/htdocs/models/dao/PostDAO.php on line 574
[07-Mar-2025 02:26:34 Europe/Berlin] PHP Deprecated:  Optional parameter $introduction declared before required parameter $limit is implicitly treated as a required parameter in /Applications/XAMPP/xamppfiles/htdocs/models/dao/PostDAO.php on line 574
[07-Mar-2025 02:26:34 Europe/Berlin] PHP Deprecated:  Optional parameter $content declared before required parameter $limit is implicitly treated as a required parameter in /Applications/XAMPP/xamppfiles/htdocs/models/dao/PostDAO.php on line 574
[07-Mar-2025 02:26:34 Europe/Berlin] PHP Deprecated:  Optional parameter $date declared before required parameter $limit is implicitly treated as a required parameter in /Applications/XAMPP/xamppfiles/htdocs/models/dao/PostDAO.php on line 574
[07-Mar-2025 02:28:12 Europe/Berlin] PHP Deprecated:  Optional parameter $title declared before required parameter $limit is implicitly treated as a required parameter in /Applications/XAMPP/xamppfiles/htdocs/models/dao/PostDAO.php on line 574
[07-Mar-2025 02:28:12 Europe/Berlin] PHP Deprecated:  Optional parameter $author declared before required parameter $limit is implicitly treated as a required parameter in /Applications/XAMPP/xamppfiles/htdocs/models/dao/PostDAO.php on line 574
[07-Mar-2025 02:28:12 Europe/Berlin] PHP Deprecated:  Optional parameter $introduction declared before required parameter $limit is implicitly treated as a required parameter in /Applications/XAMPP/xamppfiles/htdocs/models/dao/PostDAO.php on line 574
[07-Mar-2025 02:28:12 Europe/Berlin] PHP Deprecated:  Optional parameter $content declared before required parameter $limit is implicitly treated as a required parameter in /Applications/XAMPP/xamppfiles/htdocs/models/dao/PostDAO.php on line 574
[07-Mar-2025 02:28:12 Europe/Berlin] PHP Deprecated:  Optional parameter $date declared before required parameter $limit is implicitly treated as a required parameter in /Applications/XAMPP/xamppfiles/htdocs/models/dao/PostDAO.php on line 574
[07-Mar-2025 02:28:35 Europe/Berlin] PHP Deprecated:  Optional parameter $title declared before required parameter $limit is implicitly treated as a required parameter in /Applications/XAMPP/xamppfiles/htdocs/models/dao/PostDAO.php on line 574
[07-Mar-2025 02:28:35 Europe/Berlin] PHP Deprecated:  Optional parameter $author declared before required parameter $limit is implicitly treated as a required parameter in /Applications/XAMPP/xamppfiles/htdocs/models/dao/PostDAO.php on line 574
[07-Mar-2025 02:28:35 Europe/Berlin] PHP Deprecated:  Optional parameter $introduction declared before required parameter $limit is implicitly treated as a required parameter in /Applications/XAMPP/xamppfiles/htdocs/models/dao/PostDAO.php on line 574
[07-Mar-2025 02:28:35 Europe/Berlin] PHP Deprecated:  Optional parameter $content declared before required parameter $limit is implicitly treated as a required parameter in /Applications/XAMPP/xamppfiles/htdocs/models/dao/PostDAO.php on line 574
[07-Mar-2025 02:28:35 Europe/Berlin] PHP Deprecated:  Optional parameter $date declared before required parameter $limit is implicitly treated as a required parameter in /Applications/XAMPP/xamppfiles/htdocs/models/dao/PostDAO.php on line 574
[07-Mar-2025 02:28:36 Europe/Berlin] PHP Deprecated:  Optional parameter $title declared before required parameter $limit is implicitly treated as a required parameter in /Applications/XAMPP/xamppfiles/htdocs/models/dao/PostDAO.php on line 574
[07-Mar-2025 02:28:36 Europe/Berlin] PHP Deprecated:  Optional parameter $author declared before required parameter $limit is implicitly treated as a required parameter in /Applications/XAMPP/xamppfiles/htdocs/models/dao/PostDAO.php on line 574
[07-Mar-2025 02:28:36 Europe/Berlin] PHP Deprecated:  Optional parameter $introduction declared before required parameter $limit is implicitly treated as a required parameter in /Applications/XAMPP/xamppfiles/htdocs/models/dao/PostDAO.php on line 574
[07-Mar-2025 02:28:36 Europe/Berlin] PHP Deprecated:  Optional parameter $content declared before required parameter $limit is implicitly treated as a required parameter in /Applications/XAMPP/xamppfiles/htdocs/models/dao/PostDAO.php on line 574
[07-Mar-2025 02:28:36 Europe/Berlin] PHP Deprecated:  Optional parameter $date declared before required parameter $limit is implicitly treated as a required parameter in /Applications/XAMPP/xamppfiles/htdocs/models/dao/PostDAO.php on line 574
[07-Mar-2025 02:28:36 Europe/Berlin] PHP Deprecated:  Optional parameter $title declared before required parameter $limit is implicitly treated as a required parameter in /Applications/XAMPP/xamppfiles/htdocs/models/dao/PostDAO.php on line 574
[07-Mar-2025 02:28:36 Europe/Berlin] PHP Deprecated:  Optional parameter $title declared before required parameter $limit is implicitly treated as a required parameter in /Applications/XAMPP/xamppfiles/htdocs/models/dao/PostDAO.php on line 574
[07-Mar-2025 02:28:36 Europe/Berlin] PHP Deprecated:  Optional parameter $author declared before required parameter $limit is implicitly treated as a required parameter in /Applications/XAMPP/xamppfiles/htdocs/models/dao/PostDAO.php on line 574
[07-Mar-2025 02:28:36 Europe/Berlin] PHP Deprecated:  Optional parameter $author declared before required parameter $limit is implicitly treated as a required parameter in /Applications/XAMPP/xamppfiles/htdocs/models/dao/PostDAO.php on line 574
[07-Mar-2025 02:28:36 Europe/Berlin] PHP Deprecated:  Optional parameter $introduction declared before required parameter $limit is implicitly treated as a required parameter in /Applications/XAMPP/xamppfiles/htdocs/models/dao/PostDAO.php on line 574
[07-Mar-2025 02:28:36 Europe/Berlin] PHP Deprecated:  Optional parameter $introduction declared before required parameter $limit is implicitly treated as a required parameter in /Applications/XAMPP/xamppfiles/htdocs/models/dao/PostDAO.php on line 574
[07-Mar-2025 02:28:36 Europe/Berlin] PHP Deprecated:  Optional parameter $content declared before required parameter $limit is implicitly treated as a required parameter in /Applications/XAMPP/xamppfiles/htdocs/models/dao/PostDAO.php on line 574
[07-Mar-2025 02:28:36 Europe/Berlin] PHP Deprecated:  Optional parameter $content declared before required parameter $limit is implicitly treated as a required parameter in /Applications/XAMPP/xamppfiles/htdocs/models/dao/PostDAO.php on line 574
[07-Mar-2025 02:28:36 Europe/Berlin] PHP Deprecated:  Optional parameter $title declared before required parameter $limit is implicitly treated as a required parameter in /Applications/XAMPP/xamppfiles/htdocs/models/dao/PostDAO.php on line 574
[07-Mar-2025 02:28:36 Europe/Berlin] PHP Deprecated:  Optional parameter $date declared before required parameter $limit is implicitly treated as a required parameter in /Applications/XAMPP/xamppfiles/htdocs/models/dao/PostDAO.php on line 574
[07-Mar-2025 02:28:36 Europe/Berlin] PHP Deprecated:  Optional parameter $author declared before required parameter $limit is implicitly treated as a required parameter in /Applications/XAMPP/xamppfiles/htdocs/models/dao/PostDAO.php on line 574
[07-Mar-2025 02:28:36 Europe/Berlin] PHP Deprecated:  Optional parameter $date declared before required parameter $limit is implicitly treated as a required parameter in /Applications/XAMPP/xamppfiles/htdocs/models/dao/PostDAO.php on line 574
[07-Mar-2025 02:28:36 Europe/Berlin] PHP Deprecated:  Optional parameter $introduction declared before required parameter $limit is implicitly treated as a required parameter in /Applications/XAMPP/xamppfiles/htdocs/models/dao/PostDAO.php on line 574
[07-Mar-2025 02:28:36 Europe/Berlin] PHP Deprecated:  Optional parameter $content declared before required parameter $limit is implicitly treated as a required parameter in /Applications/XAMPP/xamppfiles/htdocs/models/dao/PostDAO.php on line 574
[07-Mar-2025 02:28:36 Europe/Berlin] PHP Deprecated:  Optional parameter $date declared before required parameter $limit is implicitly treated as a required parameter in /Applications/XAMPP/xamppfiles/htdocs/models/dao/PostDAO.php on line 574
[07-Mar-2025 02:29:13 Europe/Berlin] PHP Deprecated:  Optional parameter $title declared before required parameter $limit is implicitly treated as a required parameter in /Applications/XAMPP/xamppfiles/htdocs/models/dao/PostDAO.php on line 574
[07-Mar-2025 02:29:13 Europe/Berlin] PHP Deprecated:  Optional parameter $author declared before required parameter $limit is implicitly treated as a required parameter in /Applications/XAMPP/xamppfiles/htdocs/models/dao/PostDAO.php on line 574
[07-Mar-2025 02:29:13 Europe/Berlin] PHP Deprecated:  Optional parameter $introduction declared before required parameter $limit is implicitly treated as a required parameter in /Applications/XAMPP/xamppfiles/htdocs/models/dao/PostDAO.php on line 574
[07-Mar-2025 02:29:13 Europe/Berlin] PHP Deprecated:  Optional parameter $content declared before required parameter $limit is implicitly treated as a required parameter in /Applications/XAMPP/xamppfiles/htdocs/models/dao/PostDAO.php on line 574
[07-Mar-2025 02:29:13 Europe/Berlin] PHP Deprecated:  Optional parameter $date declared before required parameter $limit is implicitly treated as a required parameter in /Applications/XAMPP/xamppfiles/htdocs/models/dao/PostDAO.php on line 574
[07-Mar-2025 02:29:13 Europe/Berlin] PHP Deprecated:  Optional parameter $title declared before required parameter $limit is implicitly treated as a required parameter in /Applications/XAMPP/xamppfiles/htdocs/models/dao/PostDAO.php on line 574
[07-Mar-2025 02:29:13 Europe/Berlin] PHP Deprecated:  Optional parameter $author declared before required parameter $limit is implicitly treated as a required parameter in /Applications/XAMPP/xamppfiles/htdocs/models/dao/PostDAO.php on line 574
[07-Mar-2025 02:29:13 Europe/Berlin] PHP Deprecated:  Optional parameter $introduction declared before required parameter $limit is implicitly treated as a required parameter in /Applications/XAMPP/xamppfiles/htdocs/models/dao/PostDAO.php on line 574
[07-Mar-2025 02:29:13 Europe/Berlin] PHP Deprecated:  Optional parameter $content declared before required parameter $limit is implicitly treated as a required parameter in /Applications/XAMPP/xamppfiles/htdocs/models/dao/PostDAO.php on line 574
[07-Mar-2025 02:29:13 Europe/Berlin] PHP Deprecated:  Optional parameter $date declared before required parameter $limit is implicitly treated as a required parameter in /Applications/XAMPP/xamppfiles/htdocs/models/dao/PostDAO.php on line 574
[07-Mar-2025 02:29:29 Europe/Berlin] PHP Deprecated:  Optional parameter $title declared before required parameter $limit is implicitly treated as a required parameter in /Applications/XAMPP/xamppfiles/htdocs/models/dao/PostDAO.php on line 574
[07-Mar-2025 02:29:29 Europe/Berlin] PHP Deprecated:  Optional parameter $author declared before required parameter $limit is implicitly treated as a required parameter in /Applications/XAMPP/xamppfiles/htdocs/models/dao/PostDAO.php on line 574
[07-Mar-2025 02:29:29 Europe/Berlin] PHP Deprecated:  Optional parameter $introduction declared before required parameter $limit is implicitly treated as a required parameter in /Applications/XAMPP/xamppfiles/htdocs/models/dao/PostDAO.php on line 574
[07-Mar-2025 02:29:29 Europe/Berlin] PHP Deprecated:  Optional parameter $content declared before required parameter $limit is implicitly treated as a required parameter in /Applications/XAMPP/xamppfiles/htdocs/models/dao/PostDAO.php on line 574
[07-Mar-2025 02:29:29 Europe/Berlin] PHP Deprecated:  Optional parameter $date declared before required parameter $limit is implicitly treated as a required parameter in /Applications/XAMPP/xamppfiles/htdocs/models/dao/PostDAO.php on line 574
[07-Mar-2025 02:29:34 Europe/Berlin] PHP Deprecated:  Optional parameter $title declared before required parameter $limit is implicitly treated as a required parameter in /Applications/XAMPP/xamppfiles/htdocs/models/dao/PostDAO.php on line 574
[07-Mar-2025 02:29:34 Europe/Berlin] PHP Deprecated:  Optional parameter $author declared before required parameter $limit is implicitly treated as a required parameter in /Applications/XAMPP/xamppfiles/htdocs/models/dao/PostDAO.php on line 574
[07-Mar-2025 02:29:34 Europe/Berlin] PHP Deprecated:  Optional parameter $introduction declared before required parameter $limit is implicitly treated as a required parameter in /Applications/XAMPP/xamppfiles/htdocs/models/dao/PostDAO.php on line 574
[07-Mar-2025 02:29:34 Europe/Berlin] PHP Deprecated:  Optional parameter $content declared before required parameter $limit is implicitly treated as a required parameter in /Applications/XAMPP/xamppfiles/htdocs/models/dao/PostDAO.php on line 574
[07-Mar-2025 02:29:34 Europe/Berlin] PHP Deprecated:  Optional parameter $date declared before required parameter $limit is implicitly treated as a required parameter in /Applications/XAMPP/xamppfiles/htdocs/models/dao/PostDAO.php on line 574
[07-Mar-2025 02:29:54 Europe/Berlin] PHP Deprecated:  Optional parameter $title declared before required parameter $limit is implicitly treated as a required parameter in /Applications/XAMPP/xamppfiles/htdocs/models/dao/PostDAO.php on line 574
[07-Mar-2025 02:29:54 Europe/Berlin] PHP Deprecated:  Optional parameter $author declared before required parameter $limit is implicitly treated as a required parameter in /Applications/XAMPP/xamppfiles/htdocs/models/dao/PostDAO.php on line 574
[07-Mar-2025 02:29:54 Europe/Berlin] PHP Deprecated:  Optional parameter $introduction declared before required parameter $limit is implicitly treated as a required parameter in /Applications/XAMPP/xamppfiles/htdocs/models/dao/PostDAO.php on line 574
[07-Mar-2025 02:29:54 Europe/Berlin] PHP Deprecated:  Optional parameter $content declared before required parameter $limit is implicitly treated as a required parameter in /Applications/XAMPP/xamppfiles/htdocs/models/dao/PostDAO.php on line 574
[07-Mar-2025 02:29:54 Europe/Berlin] PHP Deprecated:  Optional parameter $date declared before required parameter $limit is implicitly treated as a required parameter in /Applications/XAMPP/xamppfiles/htdocs/models/dao/PostDAO.php on line 574
[07-Mar-2025 02:30:01 Europe/Berlin] PHP Deprecated:  Optional parameter $title declared before required parameter $limit is implicitly treated as a required parameter in /Applications/XAMPP/xamppfiles/htdocs/models/dao/PostDAO.php on line 574
[07-Mar-2025 02:30:01 Europe/Berlin] PHP Deprecated:  Optional parameter $author declared before required parameter $limit is implicitly treated as a required parameter in /Applications/XAMPP/xamppfiles/htdocs/models/dao/PostDAO.php on line 574
[07-Mar-2025 02:30:01 Europe/Berlin] PHP Deprecated:  Optional parameter $introduction declared before required parameter $limit is implicitly treated as a required parameter in /Applications/XAMPP/xamppfiles/htdocs/models/dao/PostDAO.php on line 574
[07-Mar-2025 02:30:01 Europe/Berlin] PHP Deprecated:  Optional parameter $content declared before required parameter $limit is implicitly treated as a required parameter in /Applications/XAMPP/xamppfiles/htdocs/models/dao/PostDAO.php on line 574
[07-Mar-2025 02:30:01 Europe/Berlin] PHP Deprecated:  Optional parameter $date declared before required parameter $limit is implicitly treated as a required parameter in /Applications/XAMPP/xamppfiles/htdocs/models/dao/PostDAO.php on line 574
